digraph G {
	graph [bgcolor=transparent];
	node [label="\N", fontname=FreeSans, fontsize=10, shape=record];
	edge [fontname=FreeSans, fontsize=10, labelfontname=FreeSans, labelfontsize=10];
	graph [bb="0,0,84,188"];
	Node1 [label=FlockPlayer, height="0.22", width="0.94", color=black, fillcolor=grey75, style=filled, fontcolor=black, pos="42,16", rects="8,8,76,24"];
	Node2 [label=FlockBase, height="0.22", width="0.83", color=black, URL="$class_flock_base.html", tooltip="Abstract class thath manage the generic flock entity.", pos="42,68", rects="12,60,72,76"];
	Node3 [label=SteerableEntity, height="0.22", width="1.17", color=black, URL="$class_steerable_entity.html", pos="42,120", rects="0,112,84,128"];
	Node4 [label=SteerableBase, height="0.22", width="1.06", color=black, URL="$class_steerable_base.html", pos="42,172", rects="4,164,80,180"];
	Node2 -> Node1 [dir=back, color=midnightblue, style=solid, pos="s,42,60 42,51 42,42 42,31 42,24"];
	Node3 -> Node2 [dir=back, color=midnightblue, style=solid, pos="s,42,112 42,103 42,94 42,83 42,76"];
	Node4 -> Node3 [dir=back, color=midnightblue, style=solid, pos="s,42,164 42,155 42,146 42,135 42,128"];
}
