digraph G {
	graph [bgcolor=transparent];
	node [label="\N", fontname=FreeSans, fontsize=10, shape=record];
	edge [fontname=FreeSans, fontsize=10, labelfontname=FreeSans, labelfontsize=10];
	graph [bb="0,0,136,166"];
	Node1 [label=FlockBase, height="0.22", width="0.83", color=black, fillcolor=grey75, style=filled, fontcolor=black, pos="42,16", rects="12,8,72,24"];
	Node2 [label=SteerableEntity, height="0.22", width="1.17", color=black, URL="$class_steerable_entity.html", pos="42,96", rects="0,88,84,104"];
	Node3 [label=SteerableBase, height="0.22", width="1.06", color=black, URL="$class_steerable_base.html", pos="42,150", rects="4,142,80,158"];
	Node2 -> Node1 [dir=back, color=midnightblue, style=solid, pos="s,42,88 42,79 42,62 42,38 42,24"];
	Node3 -> Node2 [dir=back, color=midnightblue, style=solid, pos="s,42,142 42,132 42,123 42,111 42,104"];
	Node2 -> Node1 [dir=back, color=darkorchid3, style=dashed, label="targetEntity\nchaserEntity", pos="s,44,88 45,79 46,76 46,73 47,70 48,57 48,54 47,42 46,36 45,29 44,24", lp="83,56"];
}
