<area shape="rect" href="$class_base_application.html" title="Ogre basic application class." alt="" coords="5,402,120,429">
<area shape="rect" href="$class_scenario_base.html" title="ScenarioBase" alt="" coords="144,402,245,429">
<area shape="rect" href="$class_scenario_sector_base.html" title="ScenarioSectorBase" alt="" coords="45,136,184,162">
<area shape="rect" href="$class_steerable_base.html" title="SteerableBase" alt="" coords="115,5,221,32">
<area shape="rect" href="$class_steerable_entity.html" title="SteerableEntity" alt="" coords="183,82,292,109">
<area shape="rect" href="$class_flock_player.html" title="Specialization of FlockBase class. Implement the player controlled flock behavior..." alt="" coords="171,312,261,338">
<area shape="rect" href="$class_flock_base.html" title="Abstract class thath manage the generic flock entity." alt="" coords="192,189,275,216">
<area shape="rect" href="$class_entity_player_ship.html" title="EntityPlayerShip" alt="" coords="283,250,400,277">
<area shape="rect" href="$class_utility_logger.html" title="UtilityLogger" alt="" coords="276,402,369,429">
<area shape="rect" href="$class_lump_user_interface.html" title="LumpUserInterface" alt="" coords="393,402,521,429">
